// Jest Snapshot v1, https://goo.gl/fbAQLP

exports[`ListContainer renders a list of Star Wars characters 1`] = `
<ul
  aria-label="character-list"
>
  <li>
    <h1 />
    <div>
      male
    </div>
    <div>
      blond
    </div>
    <div>
      172
    </div>
    <div>
      77
    </div>
  </li>
  <li>
    <h1 />
    <div>
      n/a
    </div>
    <div>
      n/a
    </div>
    <div>
      167
    </div>
    <div>
      75
    </div>
  </li>
  <li>
    <h1 />
    <div>
      n/a
    </div>
    <div>
      n/a
    </div>
    <div>
      96
    </div>
    <div>
      32
    </div>
  </li>
  <li>
    <h1 />
    <div>
      male
    </div>
    <div>
      none
    </div>
    <div>
      202
    </div>
    <div>
      136
    </div>
  </li>
  <li>
    <h1 />
    <div>
      female
    </div>
    <div>
      brown
    </div>
    <div>
      150
    </div>
    <div>
      49
    </div>
  </li>
  <li>
    <h1 />
    <div>
      male
    </div>
    <div>
      brown, grey
    </div>
    <div>
      178
    </div>
    <div>
      120
    </div>
  </li>
  <li>
    <h1 />
    <div>
      female
    </div>
    <div>
      brown
    </div>
    <div>
      165
    </div>
    <div>
      75
    </div>
  </li>
  <li>
    <h1 />
    <div>
      n/a
    </div>
    <div>
      n/a
    </div>
    <div>
      97
    </div>
    <div>
      32
    </div>
  </li>
  <li>
    <h1 />
    <div>
      male
    </div>
    <div>
      black
    </div>
    <div>
      183
    </div>
    <div>
      84
    </div>
  </li>
  <li>
    <h1 />
    <div>
      male
    </div>
    <div>
      auburn, white
    </div>
    <div>
      182
    </div>
    <div>
      77
    </div>
  </li>
</ul>
`;

exports[`ListContainer renders a loading element 1`] = `
<h1>
  LOADING...
</h1>
`;
